Traceback (most recent call last):
  File "/Users/fsultan/opt/anaconda3/lib/python3.9/site-packages/jupyter_cache/executors/utils.py", line 58, in single_nb_execution
    executenb(
  File "/Users/fsultan/opt/anaconda3/lib/python3.9/site-packages/nbclient/client.py", line 1204, in execute
    return NotebookClient(nb=nb, resources=resources, km=km, **kwargs).execute()
  File "/Users/fsultan/opt/anaconda3/lib/python3.9/site-packages/nbclient/util.py", line 84, in wrapped
    return just_run(coro(*args, **kwargs))
  File "/Users/fsultan/opt/anaconda3/lib/python3.9/site-packages/nbclient/util.py", line 62, in just_run
    return loop.run_until_complete(coro)
  File "/Users/fsultan/opt/anaconda3/lib/python3.9/asyncio/base_events.py", line 647, in run_until_complete
    return future.result()
  File "/Users/fsultan/opt/anaconda3/lib/python3.9/site-packages/nbclient/client.py", line 663, in async_execute
    await self.async_execute_cell(
  File "/Users/fsultan/opt/anaconda3/lib/python3.9/site-packages/nbclient/client.py", line 965, in async_execute_cell
    await self._check_raise_for_error(cell, cell_index, exec_reply)
  File "/Users/fsultan/opt/anaconda3/lib/python3.9/site-packages/nbclient/client.py", line 862, in _check_raise_for_error
    raise CellExecutionError.from_cell_and_msg(cell, exec_reply_content)
nbclient.exceptions.CellExecutionError: An error occurred while executing the following cell:
------------------
result = client.images.edit(
    model="gpt-image-1",
    image=open("original.png", "rb"),
    mask=open("mask.png", "rb"),
    prompt="Change the background to a starry night sky"
)
------------------

[0;31m---------------------------------------------------------------------------[0m
[0;31mNameError[0m                                 Traceback (most recent call last)
Cell [0;32mIn[1], line 1[0m
[0;32m----> 1[0m result [38;5;241m=[39m [43mclient[49m[38;5;241m.[39mimages[38;5;241m.[39medit(
[1;32m      2[0m     model[38;5;241m=[39m[38;5;124m"[39m[38;5;124mgpt-image-1[39m[38;5;124m"[39m,
[1;32m      3[0m     image[38;5;241m=[39m[38;5;28mopen[39m([38;5;124m"[39m[38;5;124moriginal.png[39m[38;5;124m"[39m, [38;5;124m"[39m[38;5;124mrb[39m[38;5;124m"[39m),
[1;32m      4[0m     mask[38;5;241m=[39m[38;5;28mopen[39m([38;5;124m"[39m[38;5;124mmask.png[39m[38;5;124m"[39m, [38;5;124m"[39m[38;5;124mrb[39m[38;5;124m"[39m),
[1;32m      5[0m     prompt[38;5;241m=[39m[38;5;124m"[39m[38;5;124mChange the background to a starry night sky[39m[38;5;124m"[39m
[1;32m      6[0m )

[0;31mNameError[0m: name 'client' is not defined
NameError: name 'client' is not defined

